Archive member included to satisfy reference by file (symbol)

/opt/riscv/lib/gcc/riscv32-unknown-elf/8.2.0/libgcc.a(_clzsi2.o)
                              ./build/FreeRTOS/tasks.o (__clzsi2)
/opt/riscv/lib/gcc/riscv32-unknown-elf/8.2.0/libgcc.a(adddf3.o)
                              ./build/lib/stdio.o (__adddf3)
/opt/riscv/lib/gcc/riscv32-unknown-elf/8.2.0/libgcc.a(ledf2.o)
                              ./build/lib/stdio.o (__ltdf2)
/opt/riscv/lib/gcc/riscv32-unknown-elf/8.2.0/libgcc.a(muldf3.o)
                              ./build/lib/stdio.o (__muldf3)
/opt/riscv/lib/gcc/riscv32-unknown-elf/8.2.0/libgcc.a(subdf3.o)
                              ./build/lib/stdio.o (__subdf3)
/opt/riscv/lib/gcc/riscv32-unknown-elf/8.2.0/libgcc.a(fixdfsi.o)
                              ./build/lib/stdio.o (__fixdfsi)
/opt/riscv/lib/gcc/riscv32-unknown-elf/8.2.0/libgcc.a(floatsidf.o)
                              ./build/lib/stdio.o (__floatsidf)
/opt/riscv/lib/gcc/riscv32-unknown-elf/8.2.0/libgcc.a(_clz.o)
                              /opt/riscv/lib/gcc/riscv32-unknown-elf/8.2.0/libgcc.a(_clzsi2.o) (__clz_tab)

Allocating common symbols
Common symbol       size              file

p                   0x4               ./build/app/rtos_test.o
j                   0x4               ./build/app/rtos_test.o
k                   0x4               ./build/app/rtos_test.o
xQueueRegistry      0x40              ./build/FreeRTOS/queue.o
xMutex              0x4               ./build/app/rtos_test.o
a                   0x544             ./build/app/rtos_test.o
q                   0x4               ./build/app/rtos_test.o
sp_store            0x4               ./build/lib/crt0.o

Memory Configuration

Name             Origin             Length             Attributes
code_ram         0x0000000080000000 0x0000000001000000 xr !rw
data_ram         0x0000000081000000 0x0000000006000000 rw !x
*default*        0x0000000000000000 0xffffffffffffffff

Linker script and memory map

LOAD ./build/app/rtos_test.o
LOAD ./build/lib/crt0.o
LOAD ./build/lib/stdio.o
LOAD ./build/lib/stdlib.o
LOAD ./build/lib/string.o
LOAD ./build/lib/uart.o
LOAD ./build/FreeRTOS/list.o
LOAD ./build/FreeRTOS/queue.o
LOAD ./build/FreeRTOS/tasks.o
LOAD ./build/FreeRTOS/heap_3.o
LOAD ./build/FreeRTOS/timers.o
LOAD ./build/FreeRTOS/port.o
LOAD ./build/FreeRTOS/portASM.o
LOAD /opt/riscv/lib/gcc/riscv32-unknown-elf/8.2.0/libgcc.a
START GROUP
LOAD /opt/riscv/lib/gcc/riscv32-unknown-elf/8.2.0/../../../../riscv32-unknown-elf/lib/libc.a
LOAD /opt/riscv/lib/gcc/riscv32-unknown-elf/8.2.0/../../../../riscv32-unknown-elf/lib/libgloss.a
END GROUP
LOAD /opt/riscv/lib/gcc/riscv32-unknown-elf/8.2.0/libgcc.a
                0x0000000000000800                __stack_size = 0x800
                0x0000000004000000                __heap_size = 0x4000000
                0x0000000085000eb0                __heap_start = (__stack_top + __heap_size)

.text           0x0000000080000000     0x7c28
 *(.text)
 .text          0x0000000080000000      0x3d0 ./build/app/rtos_test.o
                0x0000000080000000                Task2_Handler
                0x000000008000012c                Task1_Handler
                0x000000008000031c                vPrintString
                0x0000000080000350                vPrintNumber
                0x0000000080000384                pi
                0x0000000080000390                vApplicationMallocFailedHook
                0x0000000080000398                vApplicationIdleHook
                0x000000008000039c                vApplicationStackOverflowHook
                0x00000000800003b8                vApplicationTickHook
                0x00000000800003bc                vAssertCalled
                0x00000000800003cc                vExternalISR
 .text          0x00000000800003d0       0x30 ./build/lib/crt0.o
                0x00000000800003d0                crt0
 .text          0x0000000080000400      0x758 ./build/lib/stdio.o
                0x0000000080000400                getchar
                0x0000000080000418                putchar
                0x0000000080000444                fputs
                0x00000000800004c4                fgets
                0x0000000080000588                putd
                0x0000000080000650                putx
                0x000000008000072c                putf
                0x00000000800008d0                printf
 .text          0x0000000080000b58      0x2e0 ./build/lib/stdlib.o
                0x0000000080000b58                exit
                0x0000000080000ba4                srand
                0x0000000080000bb0                rand
                0x0000000080000be0                malloc
                0x0000000080000d10                free
                0x0000000080000d3c                calloc
                0x0000000080000d80                atoi
                0x0000000080000e28                abs
 .text          0x0000000080000e38      0x4e8 ./build/lib/string.o
                0x0000000080000e38                strcpy
                0x0000000080000eb8                strcmp
                0x0000000080000f58                strncpy
                0x0000000080001018                strncmp
                0x0000000080001104                memcpy
                0x00000000800011c4                memmove
                0x0000000080001238                memset
                0x0000000080001258                strlen
                0x0000000080001288                strcat
                0x00000000800012cc                strncat
 .text          0x0000000080001320       0x58 ./build/lib/uart.o
                0x0000000080001320                inbyte
                0x000000008000133c                outbyte
 .text          0x0000000080001378       0xfc ./build/FreeRTOS/list.o
                0x0000000080001378                vListInitialise
                0x0000000080001398                vListInitialiseItem
                0x00000000800013a0                vListInsertEnd
                0x00000000800013d0                vListInsert
                0x0000000080001424                uxListRemove
 .text          0x0000000080001474     0x1450 ./build/FreeRTOS/queue.o
                0x000000008000171c                xQueueGenericReset
                0x00000000800017f0                xQueueGenericCreate
                0x0000000080001884                xQueueGetMutexHolder
                0x00000000800018d8                xQueueGetMutexHolderFromISR
                0x0000000080001900                xQueueCreateCountingSemaphore
                0x0000000080001948                xQueueGenericSend
                0x0000000080001b38                xQueueCreateMutex
                0x0000000080001b8c                xQueueGiveMutexRecursive
                0x0000000080001c0c                xQueueGenericSendFromISR
                0x0000000080001d34                xQueueGiveFromISR
                0x0000000080001e1c                xQueueReceive
                0x0000000080001fd8                xQueueSemaphoreTake
                0x0000000080002234                xQueueTakeMutexRecursive
                0x00000000800022c8                xQueuePeek
                0x0000000080002474                xQueueReceiveFromISR
                0x0000000080002574                xQueuePeekFromISR
                0x00000000800025f8                uxQueueMessagesWaiting
                0x0000000080002638                uxQueueSpacesAvailable
                0x0000000080002680                uxQueueMessagesWaitingFromISR
                0x0000000080002698                vQueueDelete
                0x00000000800026d0                xQueueIsQueueEmptyFromISR
                0x00000000800026ec                xQueueIsQueueFullFromISR
                0x0000000080002710                vQueueAddToRegistry
                0x00000000800027b8                pcQueueGetName
                0x0000000080002808                vQueueUnregisterQueue
                0x000000008000281c                vQueueWaitForMessageRestricted
 .text          0x00000000800028c4     0x2dd4 ./build/FreeRTOS/tasks.o
                0x0000000080002c98                xTaskCreate
                0x0000000080002fd8                vTaskDelete
                0x0000000080003168                eTaskGetState
                0x0000000080003264                uxTaskPriorityGet
                0x00000000800032d8                uxTaskPriorityGetFromISR
                0x00000000800032f4                vTaskPrioritySet
                0x00000000800034dc                vTaskSuspend
                0x00000000800036c4                vTaskResume
                0x0000000080003808                xTaskResumeFromISR
                0x0000000080003924                vTaskStartScheduler
                0x00000000800039d0                vTaskEndScheduler
                0x00000000800039e0                vTaskSuspendAll
                0x00000000800039f4                xTaskGetTickCount
                0x0000000080003a00                xTaskGetTickCountFromISR
                0x0000000080003a0c                uxTaskGetNumberOfTasks
                0x0000000080003a18                pcTaskGetName
                0x0000000080003a3c                xTaskIncrementTick
                0x0000000080003ec8                xTaskResumeAll
                0x0000000080003ee4                xTaskDelayUntil
                0x0000000080003fb0                vTaskDelay
                0x0000000080004024                xTaskGetHandle
                0x0000000080004140                xTaskCatchUpTicks
                0x000000008000418c                xTaskAbortDelay
                0x00000000800042ec                vTaskSwitchContext
                0x000000008000430c                vTaskPlaceOnEventList
                0x0000000080004354                vTaskPlaceOnUnorderedEventList
                0x00000000800043e8                vTaskPlaceOnEventListRestricted
                0x000000008000445c                xTaskRemoveFromEventList
                0x00000000800045bc                vTaskRemoveFromUnorderedEventList
                0x00000000800046e8                vTaskSetTimeOutState
                0x0000000080004778                vTaskInternalSetTimeOutState
                0x0000000080004794                xTaskCheckForTimeOut
                0x00000000800048a4                vTaskMissedYield
                0x00000000800048b4                xTaskGetCurrentTaskHandle
                0x00000000800048c0                xTaskGetSchedulerState
                0x00000000800048e4                xTaskPriorityInherit
                0x0000000080004a64                xTaskPriorityDisinherit
                0x0000000080004b8c                vTaskPriorityDisinheritAfterTimeout
                0x0000000080004ce0                vTaskEnterCritical
                0x0000000080004cf8                vTaskExitCritical
                0x0000000080004d1c                uxTaskResetEventItemValue
                0x0000000080004d44                pvTaskIncrementMutexHeldCount
                0x0000000080004d68                ulTaskGenericNotifyTake
                0x0000000080004e7c                xTaskGenericNotifyWait
                0x0000000080004fe4                xTaskGenericNotify
                0x00000000800051e8                xTaskGenericNotifyFromISR
                0x00000000800053cc                vTaskGenericNotifyGiveFromISR
                0x000000008000553c                xTaskGenericNotifyStateClear
                0x00000000800055f4                ulTaskGenericNotifyValueClear
 .text          0x0000000080005698       0x88 ./build/FreeRTOS/heap_3.o
                0x0000000080005698                pvPortMalloc
                0x00000000800056ec                vPortFree
 .text          0x0000000080005720      0x8dc ./build/FreeRTOS/timers.o
                0x0000000080005bac                xTimerCreateTimerTask
                0x0000000080005c08                xTimerCreate
                0x0000000080005cb4                xTimerGenericCommand
                0x0000000080005d78                xTimerGetTimerDaemonTaskHandle
                0x0000000080005d94                xTimerGetPeriod
                0x0000000080005dac                vTimerSetReloadMode
                0x0000000080005e18                uxTimerGetReloadMode
                0x0000000080005e60                xTimerGetExpiryTime
                0x0000000080005e78                pcTimerGetName
                0x0000000080005e90                xTimerIsTimerActive
                0x0000000080005ed4                pvTimerGetTimerID
                0x0000000080005f14                vTimerSetTimerID
                0x0000000080005f58                xTimerPendFunctionCallFromISR
                0x0000000080005f9c                xTimerPendFunctionCall
 .text          0x0000000080005ffc       0xe0 ./build/FreeRTOS/port.o
                0x0000000080005ffc                vPortSetupTimerInterrupt
                0x000000008000606c                xPortStartScheduler
                0x00000000800060d8                vPortEndScheduler
 *fill*         0x00000000800060dc       0x24 
 .text          0x0000000080006100      0x384 ./build/FreeRTOS/portASM.o
                0x0000000080006100                freertos_risc_v_trap_handler
                0x0000000080006300                xPortStartFirstTask
                0x0000000080006400                pxPortInitialiseStack
 .text          0x0000000080006484       0x4c /opt/riscv/lib/gcc/riscv32-unknown-elf/8.2.0/libgcc.a(_clzsi2.o)
                0x0000000080006484                __clzsi2
 .text          0x00000000800064d0      0x7c0 /opt/riscv/lib/gcc/riscv32-unknown-elf/8.2.0/libgcc.a(adddf3.o)
                0x00000000800064d0                __adddf3
 .text          0x0000000080006c90       0xe8 /opt/riscv/lib/gcc/riscv32-unknown-elf/8.2.0/libgcc.a(ledf2.o)
                0x0000000080006c90                __ltdf2
                0x0000000080006c90                __ledf2
 .text          0x0000000080006d78      0x5c0 /opt/riscv/lib/gcc/riscv32-unknown-elf/8.2.0/libgcc.a(muldf3.o)
                0x0000000080006d78                __muldf3
 .text          0x0000000080007338      0x7c4 /opt/riscv/lib/gcc/riscv32-unknown-elf/8.2.0/libgcc.a(subdf3.o)
                0x0000000080007338                __subdf3
 .text          0x0000000080007afc       0x80 /opt/riscv/lib/gcc/riscv32-unknown-elf/8.2.0/libgcc.a(fixdfsi.o)
                0x0000000080007afc                __fixdfsi
 .text          0x0000000080007b7c       0xac /opt/riscv/lib/gcc/riscv32-unknown-elf/8.2.0/libgcc.a(floatsidf.o)
                0x0000000080007b7c                __floatsidf
 .text          0x0000000080007c28        0x0 /opt/riscv/lib/gcc/riscv32-unknown-elf/8.2.0/libgcc.a(_clz.o)

.text.startup   0x0000000080007c28       0x78
 .text.startup  0x0000000080007c28       0x78 ./build/app/rtos_test.o
                0x0000000080007c28                main

.srodata.cst8   0x0000000080007ca0        0x8
 .srodata.cst8  0x0000000080007ca0        0x8 ./build/lib/stdio.o

.srodata        0x0000000080007ca8       0x14
 .srodata       0x0000000080007ca8        0x8 ./build/lib/stdlib.o
 .srodata       0x0000000080007cb0        0xc ./build/FreeRTOS/port.o
                0x0000000080007cb0                ullMachineTimerCompareRegisterBase
                0x0000000080007cb4                uxTimerIncrementsForOneTick
                0x0000000080007cb8                xISRStackTop

.rela.dyn       0x0000000080007cbc        0x0
 .rela.text     0x0000000080007cbc        0x0 ./build/app/rtos_test.o
 .rela.text.startup
                0x0000000080007cbc        0x0 ./build/app/rtos_test.o
 .rela.sdata    0x0000000080007cbc        0x0 ./build/app/rtos_test.o
 .rela.srodata  0x0000000080007cbc        0x0 ./build/app/rtos_test.o

.data           0x0000000081000000      0x604
 *(.data)
 .data          0x0000000081000000        0x0 ./build/app/rtos_test.o
 .data          0x0000000081000000        0x0 ./build/lib/crt0.o
 .data          0x0000000081000000        0x0 ./build/lib/stdio.o
 .data          0x0000000081000000        0x0 ./build/lib/stdlib.o
 .data          0x0000000081000000        0x0 ./build/lib/string.o
 .data          0x0000000081000000        0x0 ./build/lib/uart.o
 .data          0x0000000081000000        0x0 ./build/FreeRTOS/list.o
 .data          0x0000000081000000        0x0 ./build/FreeRTOS/queue.o
 .data          0x0000000081000000        0x0 ./build/FreeRTOS/tasks.o
 .data          0x0000000081000000        0x0 ./build/FreeRTOS/heap_3.o
 .data          0x0000000081000000        0x0 ./build/FreeRTOS/timers.o
 .data          0x0000000081000000        0x0 ./build/FreeRTOS/port.o
 .data          0x0000000081000000        0x0 ./build/FreeRTOS/portASM.o
 .data          0x0000000081000000        0x0 /opt/riscv/lib/gcc/riscv32-unknown-elf/8.2.0/libgcc.a(_clzsi2.o)
 .data          0x0000000081000000        0x0 /opt/riscv/lib/gcc/riscv32-unknown-elf/8.2.0/libgcc.a(adddf3.o)
 .data          0x0000000081000000        0x0 /opt/riscv/lib/gcc/riscv32-unknown-elf/8.2.0/libgcc.a(ledf2.o)
 .data          0x0000000081000000        0x0 /opt/riscv/lib/gcc/riscv32-unknown-elf/8.2.0/libgcc.a(muldf3.o)
 .data          0x0000000081000000        0x0 /opt/riscv/lib/gcc/riscv32-unknown-elf/8.2.0/libgcc.a(subdf3.o)
 .data          0x0000000081000000        0x0 /opt/riscv/lib/gcc/riscv32-unknown-elf/8.2.0/libgcc.a(fixdfsi.o)
 .data          0x0000000081000000        0x0 /opt/riscv/lib/gcc/riscv32-unknown-elf/8.2.0/libgcc.a(floatsidf.o)
 .data          0x0000000081000000        0x0 /opt/riscv/lib/gcc/riscv32-unknown-elf/8.2.0/libgcc.a(_clz.o)
 *(.bss)
 .bss           0x0000000081000000        0x0 ./build/app/rtos_test.o
 .bss           0x0000000081000000        0x0 ./build/lib/crt0.o
 .bss           0x0000000081000000        0x0 ./build/lib/stdio.o
 .bss           0x0000000081000000        0x0 ./build/lib/stdlib.o
 .bss           0x0000000081000000        0x0 ./build/lib/string.o
 .bss           0x0000000081000000        0x0 ./build/lib/uart.o
 .bss           0x0000000081000000        0x0 ./build/FreeRTOS/list.o
 .bss           0x0000000081000000        0x0 ./build/FreeRTOS/queue.o
 .bss           0x0000000081000000       0xf0 ./build/FreeRTOS/tasks.o
 .bss           0x00000000810000f0        0x0 ./build/FreeRTOS/heap_3.o
 .bss           0x00000000810000f0       0x28 ./build/FreeRTOS/timers.o
 .bss           0x0000000081000118        0x0 ./build/FreeRTOS/port.o
 .bss           0x0000000081000118        0x0 ./build/FreeRTOS/portASM.o
 .bss           0x0000000081000118        0x0 /opt/riscv/lib/gcc/riscv32-unknown-elf/8.2.0/libgcc.a(_clzsi2.o)
 .bss           0x0000000081000118        0x0 /opt/riscv/lib/gcc/riscv32-unknown-elf/8.2.0/libgcc.a(adddf3.o)
 .bss           0x0000000081000118        0x0 /opt/riscv/lib/gcc/riscv32-unknown-elf/8.2.0/libgcc.a(ledf2.o)
 .bss           0x0000000081000118        0x0 /opt/riscv/lib/gcc/riscv32-unknown-elf/8.2.0/libgcc.a(muldf3.o)
 .bss           0x0000000081000118        0x0 /opt/riscv/lib/gcc/riscv32-unknown-elf/8.2.0/libgcc.a(subdf3.o)
 .bss           0x0000000081000118        0x0 /opt/riscv/lib/gcc/riscv32-unknown-elf/8.2.0/libgcc.a(fixdfsi.o)
 .bss           0x0000000081000118        0x0 /opt/riscv/lib/gcc/riscv32-unknown-elf/8.2.0/libgcc.a(floatsidf.o)
 .bss           0x0000000081000118        0x0 /opt/riscv/lib/gcc/riscv32-unknown-elf/8.2.0/libgcc.a(_clz.o)
 *(.rodata*)
 .rodata.str1.4
                0x0000000081000118      0x177 ./build/app/rtos_test.o
 *fill*         0x000000008100028f        0x1 
 .rodata        0x0000000081000290       0x84 ./build/lib/stdio.o
 .rodata.str1.4
                0x0000000081000314       0x7d ./build/lib/stdio.o
 *fill*         0x0000000081000391        0x3 
 .rodata        0x0000000081000394       0xcc ./build/lib/stdlib.o
 .rodata        0x0000000081000460       0x28 ./build/FreeRTOS/tasks.o
 .rodata.str1.4
                0x0000000081000488        0x5 ./build/FreeRTOS/tasks.o
 *fill*         0x000000008100048d        0x3 
 .rodata        0x0000000081000490       0x28 ./build/FreeRTOS/timers.o
 .rodata.str1.4
                0x00000000810004b8       0x10 ./build/FreeRTOS/timers.o
 .rodata        0x00000000810004c8       0x3c /opt/riscv/lib/gcc/riscv32-unknown-elf/8.2.0/libgcc.a(muldf3.o)
 .rodata        0x0000000081000504      0x100 /opt/riscv/lib/gcc/riscv32-unknown-elf/8.2.0/libgcc.a(_clz.o)
                0x0000000081000504                __clz_tab

.sdata          0x0000000081000604       0x38
 .sdata         0x0000000081000604        0x4 ./build/app/rtos_test.o
                0x0000000081000604                t
 .sdata         0x0000000081000608        0x4 ./build/lib/crt0.o
                0x0000000081000608                stack_top
 .sdata         0x000000008100060c       0x1c ./build/lib/stdio.o
                0x000000008100060c                stderr
                0x0000000081000610                stdout
                0x0000000081000614                stdin
 .sdata         0x0000000081000628        0xc ./build/lib/stdlib.o
 .sdata         0x0000000081000634        0x4 ./build/FreeRTOS/tasks.o
                0x0000000081000634                uxTopUsedPriority
 .sdata         0x0000000081000638        0x4 ./build/FreeRTOS/port.o
                0x0000000081000638                pullNextTime

.sbss           0x0000000081000640       0x70
 .sbss          0x0000000081000640        0x8 ./build/app/rtos_test.o
                0x0000000081000640                task2_finished
                0x0000000081000644                shared_counter
 .sbss          0x0000000081000648        0x8 ./build/lib/stdio.o
 .sbss          0x0000000081000650       0x3c ./build/FreeRTOS/tasks.o
                0x0000000081000688                pxCurrentTCB
 .sbss          0x000000008100068c       0x14 ./build/FreeRTOS/timers.o
 .sbss          0x00000000810006a0       0x10 ./build/FreeRTOS/port.o
                0x00000000810006a0                pullMachineTimerCompareRegister
                0x00000000810006a8                ullNextTime

.stack          0x00000000810006b0      0x800
                0x0000000081000eb0                . = (. + __stack_size)
 *fill*         0x00000000810006b0      0x800 
                0x0000000081000eb0                __stack_top = .
                0x0000000081000eb0                __freertos_irq_stack_top = .
OUTPUT(rtos_test.elf elf32-littleriscv)

.comment        0x0000000000000000       0x11
 .comment       0x0000000000000000       0x11 ./build/app/rtos_test.o
                                         0x12 (size before relaxing)
 .comment       0x0000000000000011       0x12 ./build/lib/crt0.o
 .comment       0x0000000000000011       0x12 ./build/lib/stdio.o
 .comment       0x0000000000000011       0x12 ./build/lib/stdlib.o
 .comment       0x0000000000000011       0x12 ./build/lib/string.o
 .comment       0x0000000000000011       0x12 ./build/lib/uart.o
 .comment       0x0000000000000011       0x12 ./build/FreeRTOS/list.o
 .comment       0x0000000000000011       0x12 ./build/FreeRTOS/queue.o
 .comment       0x0000000000000011       0x12 ./build/FreeRTOS/tasks.o
 .comment       0x0000000000000011       0x12 ./build/FreeRTOS/heap_3.o
 .comment       0x0000000000000011       0x12 ./build/FreeRTOS/timers.o
 .comment       0x0000000000000011       0x12 ./build/FreeRTOS/port.o
 .comment       0x0000000000000011       0x12 /opt/riscv/lib/gcc/riscv32-unknown-elf/8.2.0/libgcc.a(_clzsi2.o)
 .comment       0x0000000000000011       0x12 /opt/riscv/lib/gcc/riscv32-unknown-elf/8.2.0/libgcc.a(adddf3.o)
 .comment       0x0000000000000011       0x12 /opt/riscv/lib/gcc/riscv32-unknown-elf/8.2.0/libgcc.a(ledf2.o)
 .comment       0x0000000000000011       0x12 /opt/riscv/lib/gcc/riscv32-unknown-elf/8.2.0/libgcc.a(muldf3.o)
 .comment       0x0000000000000011       0x12 /opt/riscv/lib/gcc/riscv32-unknown-elf/8.2.0/libgcc.a(subdf3.o)
 .comment       0x0000000000000011       0x12 /opt/riscv/lib/gcc/riscv32-unknown-elf/8.2.0/libgcc.a(fixdfsi.o)
 .comment       0x0000000000000011       0x12 /opt/riscv/lib/gcc/riscv32-unknown-elf/8.2.0/libgcc.a(floatsidf.o)
 .comment       0x0000000000000011       0x12 /opt/riscv/lib/gcc/riscv32-unknown-elf/8.2.0/libgcc.a(_clz.o)

.bss            0x0000000081000eb0      0x59c
 COMMON         0x0000000081000eb0      0x558 ./build/app/rtos_test.o
                0x0000000081000eb0                p
                0x0000000081000eb4                j
                0x0000000081000eb8                k
                0x0000000081000ebc                xMutex
                0x0000000081000ec0                a
                0x0000000081001404                q
 COMMON         0x0000000081001408        0x4 ./build/lib/crt0.o
                0x0000000081001408                sp_store
 COMMON         0x000000008100140c       0x40 ./build/FreeRTOS/queue.o
                0x000000008100140c                xQueueRegistry

.debug_info     0x0000000000000000     0x30f4
 .debug_info    0x0000000000000000      0xbac /opt/riscv/lib/gcc/riscv32-unknown-elf/8.2.0/libgcc.a(_clzsi2.o)
 .debug_info    0x0000000000000bac      0x5a5 /opt/riscv/lib/gcc/riscv32-unknown-elf/8.2.0/libgcc.a(adddf3.o)
 .debug_info    0x0000000000001151      0x284 /opt/riscv/lib/gcc/riscv32-unknown-elf/8.2.0/libgcc.a(ledf2.o)
 .debug_info    0x00000000000013d5      0x768 /opt/riscv/lib/gcc/riscv32-unknown-elf/8.2.0/libgcc.a(muldf3.o)
 .debug_info    0x0000000000001b3d      0x5a5 /opt/riscv/lib/gcc/riscv32-unknown-elf/8.2.0/libgcc.a(subdf3.o)
 .debug_info    0x00000000000020e2      0x217 /opt/riscv/lib/gcc/riscv32-unknown-elf/8.2.0/libgcc.a(fixdfsi.o)
 .debug_info    0x00000000000022f9      0x2bc /opt/riscv/lib/gcc/riscv32-unknown-elf/8.2.0/libgcc.a(floatsidf.o)
 .debug_info    0x00000000000025b5      0xb3f /opt/riscv/lib/gcc/riscv32-unknown-elf/8.2.0/libgcc.a(_clz.o)

.debug_abbrev   0x0000000000000000      0xd6e
 .debug_abbrev  0x0000000000000000      0x242 /opt/riscv/lib/gcc/riscv32-unknown-elf/8.2.0/libgcc.a(_clzsi2.o)
 .debug_abbrev  0x0000000000000242      0x196 /opt/riscv/lib/gcc/riscv32-unknown-elf/8.2.0/libgcc.a(adddf3.o)
 .debug_abbrev  0x00000000000003d8      0x188 /opt/riscv/lib/gcc/riscv32-unknown-elf/8.2.0/libgcc.a(ledf2.o)
 .debug_abbrev  0x0000000000000560      0x18e /opt/riscv/lib/gcc/riscv32-unknown-elf/8.2.0/libgcc.a(muldf3.o)
 .debug_abbrev  0x00000000000006ee      0x196 /opt/riscv/lib/gcc/riscv32-unknown-elf/8.2.0/libgcc.a(subdf3.o)
 .debug_abbrev  0x0000000000000884      0x18a /opt/riscv/lib/gcc/riscv32-unknown-elf/8.2.0/libgcc.a(fixdfsi.o)
 .debug_abbrev  0x0000000000000a0e      0x178 /opt/riscv/lib/gcc/riscv32-unknown-elf/8.2.0/libgcc.a(floatsidf.o)
 .debug_abbrev  0x0000000000000b86      0x1e8 /opt/riscv/lib/gcc/riscv32-unknown-elf/8.2.0/libgcc.a(_clz.o)

.debug_loc      0x0000000000000000     0x35fe
 .debug_loc     0x0000000000000000       0x6b /opt/riscv/lib/gcc/riscv32-unknown-elf/8.2.0/libgcc.a(_clzsi2.o)
 .debug_loc     0x000000000000006b     0x1207 /opt/riscv/lib/gcc/riscv32-unknown-elf/8.2.0/libgcc.a(adddf3.o)
 .debug_loc     0x0000000000001272       0xec /opt/riscv/lib/gcc/riscv32-unknown-elf/8.2.0/libgcc.a(ledf2.o)
 .debug_loc     0x000000000000135e      0xdc4 /opt/riscv/lib/gcc/riscv32-unknown-elf/8.2.0/libgcc.a(muldf3.o)
 .debug_loc     0x0000000000002122     0x1221 /opt/riscv/lib/gcc/riscv32-unknown-elf/8.2.0/libgcc.a(subdf3.o)
 .debug_loc     0x0000000000003343      0x16d /opt/riscv/lib/gcc/riscv32-unknown-elf/8.2.0/libgcc.a(fixdfsi.o)
 .debug_loc     0x00000000000034b0      0x14e /opt/riscv/lib/gcc/riscv32-unknown-elf/8.2.0/libgcc.a(floatsidf.o)

.debug_aranges  0x0000000000000000       0xf8
 .debug_aranges
                0x0000000000000000       0x20 /opt/riscv/lib/gcc/riscv32-unknown-elf/8.2.0/libgcc.a(_clzsi2.o)
 .debug_aranges
                0x0000000000000020       0x20 /opt/riscv/lib/gcc/riscv32-unknown-elf/8.2.0/libgcc.a(adddf3.o)
 .debug_aranges
                0x0000000000000040       0x20 /opt/riscv/lib/gcc/riscv32-unknown-elf/8.2.0/libgcc.a(ledf2.o)
 .debug_aranges
                0x0000000000000060       0x20 /opt/riscv/lib/gcc/riscv32-unknown-elf/8.2.0/libgcc.a(muldf3.o)
 .debug_aranges
                0x0000000000000080       0x20 /opt/riscv/lib/gcc/riscv32-unknown-elf/8.2.0/libgcc.a(subdf3.o)
 .debug_aranges
                0x00000000000000a0       0x20 /opt/riscv/lib/gcc/riscv32-unknown-elf/8.2.0/libgcc.a(fixdfsi.o)
 .debug_aranges
                0x00000000000000c0       0x20 /opt/riscv/lib/gcc/riscv32-unknown-elf/8.2.0/libgcc.a(floatsidf.o)
 .debug_aranges
                0x00000000000000e0       0x18 /opt/riscv/lib/gcc/riscv32-unknown-elf/8.2.0/libgcc.a(_clz.o)

.debug_ranges   0x0000000000000000      0x6e8
 .debug_ranges  0x0000000000000000       0x20 /opt/riscv/lib/gcc/riscv32-unknown-elf/8.2.0/libgcc.a(_clzsi2.o)
 .debug_ranges  0x0000000000000020      0x210 /opt/riscv/lib/gcc/riscv32-unknown-elf/8.2.0/libgcc.a(adddf3.o)
 .debug_ranges  0x0000000000000230       0x68 /opt/riscv/lib/gcc/riscv32-unknown-elf/8.2.0/libgcc.a(ledf2.o)
 .debug_ranges  0x0000000000000298      0x1e8 /opt/riscv/lib/gcc/riscv32-unknown-elf/8.2.0/libgcc.a(muldf3.o)
 .debug_ranges  0x0000000000000480      0x1e8 /opt/riscv/lib/gcc/riscv32-unknown-elf/8.2.0/libgcc.a(subdf3.o)
 .debug_ranges  0x0000000000000668       0x18 /opt/riscv/lib/gcc/riscv32-unknown-elf/8.2.0/libgcc.a(fixdfsi.o)
 .debug_ranges  0x0000000000000680       0x68 /opt/riscv/lib/gcc/riscv32-unknown-elf/8.2.0/libgcc.a(floatsidf.o)

.debug_line     0x0000000000000000     0x35aa
 .debug_line    0x0000000000000000      0x265 /opt/riscv/lib/gcc/riscv32-unknown-elf/8.2.0/libgcc.a(_clzsi2.o)
 .debug_line    0x0000000000000265      0xef2 /opt/riscv/lib/gcc/riscv32-unknown-elf/8.2.0/libgcc.a(adddf3.o)
 .debug_line    0x0000000000001157      0x2f5 /opt/riscv/lib/gcc/riscv32-unknown-elf/8.2.0/libgcc.a(ledf2.o)
 .debug_line    0x000000000000144c      0xc0a /opt/riscv/lib/gcc/riscv32-unknown-elf/8.2.0/libgcc.a(muldf3.o)
 .debug_line    0x0000000000002056      0xf2f /opt/riscv/lib/gcc/riscv32-unknown-elf/8.2.0/libgcc.a(subdf3.o)
 .debug_line    0x0000000000002f85      0x219 /opt/riscv/lib/gcc/riscv32-unknown-elf/8.2.0/libgcc.a(fixdfsi.o)
 .debug_line    0x000000000000319e      0x229 /opt/riscv/lib/gcc/riscv32-unknown-elf/8.2.0/libgcc.a(floatsidf.o)
 .debug_line    0x00000000000033c7      0x1e3 /opt/riscv/lib/gcc/riscv32-unknown-elf/8.2.0/libgcc.a(_clz.o)

.debug_str      0x0000000000000000      0xc20
 .debug_str     0x0000000000000000      0x6f9 /opt/riscv/lib/gcc/riscv32-unknown-elf/8.2.0/libgcc.a(_clzsi2.o)
                                        0x772 (size before relaxing)
 .debug_str     0x00000000000006f9      0x190 /opt/riscv/lib/gcc/riscv32-unknown-elf/8.2.0/libgcc.a(adddf3.o)
                                        0x31a (size before relaxing)
 .debug_str     0x0000000000000889       0x77 /opt/riscv/lib/gcc/riscv32-unknown-elf/8.2.0/libgcc.a(ledf2.o)
                                        0x258 (size before relaxing)
 .debug_str     0x0000000000000900      0x236 /opt/riscv/lib/gcc/riscv32-unknown-elf/8.2.0/libgcc.a(muldf3.o)
                                        0x434 (size before relaxing)
 .debug_str     0x0000000000000b36       0x36 /opt/riscv/lib/gcc/riscv32-unknown-elf/8.2.0/libgcc.a(subdf3.o)
                                        0x31a (size before relaxing)
 .debug_str     0x0000000000000b6c       0x4b /opt/riscv/lib/gcc/riscv32-unknown-elf/8.2.0/libgcc.a(fixdfsi.o)
                                        0x231 (size before relaxing)
 .debug_str     0x0000000000000bb7       0x69 /opt/riscv/lib/gcc/riscv32-unknown-elf/8.2.0/libgcc.a(floatsidf.o)
                                        0x2c7 (size before relaxing)
 .debug_str     0x0000000000000c20      0x755 /opt/riscv/lib/gcc/riscv32-unknown-elf/8.2.0/libgcc.a(_clz.o)

.debug_frame    0x0000000000000000      0x174
 .debug_frame   0x0000000000000000       0x20 /opt/riscv/lib/gcc/riscv32-unknown-elf/8.2.0/libgcc.a(_clzsi2.o)
 .debug_frame   0x0000000000000020       0x44 /opt/riscv/lib/gcc/riscv32-unknown-elf/8.2.0/libgcc.a(adddf3.o)
 .debug_frame   0x0000000000000064       0x20 /opt/riscv/lib/gcc/riscv32-unknown-elf/8.2.0/libgcc.a(ledf2.o)
 .debug_frame   0x0000000000000084       0x54 /opt/riscv/lib/gcc/riscv32-unknown-elf/8.2.0/libgcc.a(muldf3.o)
 .debug_frame   0x00000000000000d8       0x44 /opt/riscv/lib/gcc/riscv32-unknown-elf/8.2.0/libgcc.a(subdf3.o)
 .debug_frame   0x000000000000011c       0x20 /opt/riscv/lib/gcc/riscv32-unknown-elf/8.2.0/libgcc.a(fixdfsi.o)
 .debug_frame   0x000000000000013c       0x38 /opt/riscv/lib/gcc/riscv32-unknown-elf/8.2.0/libgcc.a(floatsidf.o)
