#-----------------------------------------------------------
# Vivado v2021.1 (64-bit)
# SW Build 3247384 on Thu Jun 10 19:36:33 MDT 2021
# IP Build 3246043 on Fri Jun 11 00:30:35 MDT 2021
# Start of session at: Thu Dec 16 15:46:58 2021
# Process ID: 11188
# Current directory: C:/Users/a609071103.cs07/Documents/micro processor/T/aquila_dram/aquila_dram
# Command line: vivado.exe -gui_launcher_event rodinguilauncherevent13132 C:\Users\a609071103.cs07\Documents\micro processor\T\aquila_dram\aquila_dram\aquila_dram.xpr
# Log file: C:/Users/a609071103.cs07/Documents/micro processor/T/aquila_dram/aquila_dram/vivado.log
# Journal file: C:/Users/a609071103.cs07/Documents/micro processor/T/aquila_dram/aquila_dram\vivado.jou
#-----------------------------------------------------------
start_gui
open_project {C:/Users/a609071103.cs07/Documents/micro processor/T/aquila_dram/aquila_dram/aquila_dram.xpr}
update_compile_order -fileset sources_1
reset_run synth_1
launch_runs impl_1 -to_step write_bitstream -jobs 6
wait_on_run impl_1
open_run impl_1
open_hw_manager
connect_hw_server -allow_non_jtag
open_hw_target
set_property PROGRAM.FILE {C:/Users/a609071103.cs07/Documents/micro processor/T/aquila_dram/aquila_dram/aquila_dram.runs/impl_1/soc_top.bit} [get_hw_devices xc7a35t_0]
set_property PROBES.FILE {C:/Users/a609071103.cs07/Documents/micro processor/T/aquila_dram/aquila_dram/aquila_dram.runs/impl_1/soc_top.ltx} [get_hw_devices xc7a35t_0]
set_property FULL_PROBES.FILE {C:/Users/a609071103.cs07/Documents/micro processor/T/aquila_dram/aquila_dram/aquila_dram.runs/impl_1/soc_top.ltx} [get_hw_devices xc7a35t_0]
current_hw_device [get_hw_devices xc7a35t_0]
refresh_hw_device [lindex [get_hw_devices xc7a35t_0] 0]
set_property PROBES.FILE {C:/Users/a609071103.cs07/Documents/micro processor/T/aquila_dram/aquila_dram/aquila_dram.runs/impl_1/soc_top.ltx} [get_hw_devices xc7a35t_0]
set_property FULL_PROBES.FILE {C:/Users/a609071103.cs07/Documents/micro processor/T/aquila_dram/aquila_dram/aquila_dram.runs/impl_1/soc_top.ltx} [get_hw_devices xc7a35t_0]
set_property PROGRAM.FILE {C:/Users/a609071103.cs07/Documents/micro processor/T/aquila_dram/aquila_dram/aquila_dram.runs/impl_1/soc_top.bit} [get_hw_devices xc7a35t_0]
program_hw_devices [get_hw_devices xc7a35t_0]
refresh_hw_device [lindex [get_hw_devices xc7a35t_0] 0]
display_hw_ila_data [ get_hw_ila_data hw_ila_data_1 -of_objects [get_hw_ilas -of_objects [get_hw_devices xc7a35t_0] -filter {CELL_NAME=~"u_ila_0"}]]
reset_run synth_1
launch_runs impl_1 -to_step write_bitstream -jobs 6
wait_on_run impl_1
reset_run synth_1
launch_runs impl_1 -to_step write_bitstream -jobs 6
wait_on_run impl_1
set_property PROBES.FILE {C:/Users/a609071103.cs07/Documents/micro processor/T/aquila_dram/aquila_dram/aquila_dram.runs/impl_1/soc_top.ltx} [get_hw_devices xc7a35t_0]
set_property FULL_PROBES.FILE {C:/Users/a609071103.cs07/Documents/micro processor/T/aquila_dram/aquila_dram/aquila_dram.runs/impl_1/soc_top.ltx} [get_hw_devices xc7a35t_0]
set_property PROGRAM.FILE {C:/Users/a609071103.cs07/Documents/micro processor/T/aquila_dram/aquila_dram/aquila_dram.runs/impl_1/soc_top.bit} [get_hw_devices xc7a35t_0]
program_hw_devices [get_hw_devices xc7a35t_0]
refresh_hw_device [lindex [get_hw_devices xc7a35t_0] 0]
set_property PROBES.FILE {C:/Users/a609071103.cs07/Documents/micro processor/T/aquila_dram/aquila_dram/aquila_dram.runs/impl_1/soc_top.ltx} [get_hw_devices xc7a35t_0]
set_property FULL_PROBES.FILE {C:/Users/a609071103.cs07/Documents/micro processor/T/aquila_dram/aquila_dram/aquila_dram.runs/impl_1/soc_top.ltx} [get_hw_devices xc7a35t_0]
set_property PROGRAM.FILE {C:/Users/a609071103.cs07/Documents/micro processor/T/aquila_dram/aquila_dram/aquila_dram.runs/impl_1/soc_top.bit} [get_hw_devices xc7a35t_0]
program_hw_devices [get_hw_devices xc7a35t_0]
set_property PROBES.FILE {} [get_hw_devices xc7a35t_0]
set_property FULL_PROBES.FILE {} [get_hw_devices xc7a35t_0]
set_property PROGRAM.FILE {C:/Users/a609071103.cs07/Desktop/SD/soc_top.bit} [get_hw_devices xc7a35t_0]
program_hw_devices [get_hw_devices xc7a35t_0]
refresh_hw_device [lindex [get_hw_devices xc7a35t_0] 0]
