#-----------------------------------------------------------
# Vivado v2021.1 (64-bit)
# SW Build 3247384 on Thu Jun 10 19:36:33 MDT 2021
# IP Build 3246043 on Fri Jun 11 00:30:35 MDT 2021
# Start of session at: Sun Jan 16 18:42:31 2022
# Process ID: 27596
# Current directory: C:/Users/a609071103.cs07/Documents/micro processor/HW5/aquila_dram
# Command line: vivado.exe -gui_launcher_event rodinguilauncherevent17756 C:\Users\a609071103.cs07\Documents\micro processor\HW5\aquila_dram\aquila_dram.xpr
# Log file: C:/Users/a609071103.cs07/Documents/micro processor/HW5/aquila_dram/vivado.log
# Journal file: C:/Users/a609071103.cs07/Documents/micro processor/HW5/aquila_dram\vivado.jou
#-----------------------------------------------------------
start_gui
open_project {C:/Users/a609071103.cs07/Documents/micro processor/HW5/aquila_dram/aquila_dram.xpr}
update_compile_order -fileset sources_1
open_hw_manager
connect_hw_server -allow_non_jtag
open_hw_target
current_hw_device [get_hw_devices xc7a35t_0]
refresh_hw_device -update_hw_probes false [lindex [get_hw_devices xc7a35t_0] 0]
launch_runs synth_1 -jobs 6
wait_on_run synth_1
reset_run synth_1
reset_run async_fifo_data_synth_1
reset_run async_fifo_signal_synth_1
reset_run mig_7series_0_synth_1
reset_run clk_wiz_0_synth_1
reset_run async_fifo_addr_synth_1
